Archive member included to satisfy reference by file (symbol)

c:/program files/atollic/truestudio for stm32 9.3.0/armtools/bin/../lib/gcc/arm-atollic-eabi/6.3.1/../../../../arm-atollic-eabi/lib/armv7e-m/fpu\libc_nano.a(lib_a-init.o)
                              src\startup_stm32f429x.o (__libc_init_array)
c:/program files/atollic/truestudio for stm32 9.3.0/armtools/bin/../lib/gcc/arm-atollic-eabi/6.3.1/../../../../arm-atollic-eabi/lib/armv7e-m/fpu\libc_nano.a(lib_a-itoa.o)
                              Libraries\STM32F4xx_StdPeriph_Driver\src\LCD16x2.o (itoa)
c:/program files/atollic/truestudio for stm32 9.3.0/armtools/bin/../lib/gcc/arm-atollic-eabi/6.3.1/../../../../arm-atollic-eabi/lib/armv7e-m/fpu\libc_nano.a(lib_a-utoa.o)
                              c:/program files/atollic/truestudio for stm32 9.3.0/armtools/bin/../lib/gcc/arm-atollic-eabi/6.3.1/../../../../arm-atollic-eabi/lib/armv7e-m/fpu\libc_nano.a(lib_a-itoa.o) (__utoa)

Allocating common symbols
Common symbol       size              file

STICK_CallBack      0x4               Libraries\STM32F4xx_StdPeriph_Driver\src\STICK_program.o
Timer               0x2               Libraries\STM32F4xx_StdPeriph_Driver\src\TIMER_program.o
T_on                0x2               Libraries\STM32F4xx_StdPeriph_Driver\src\TIMER_program.o

Discarded input sections

 .text          0x00000000        0x0 c:/program files/atollic/truestudio for stm32 9.3.0/armtools/bin/../lib/gcc/arm-atollic-eabi/6.3.1/armv7e-m/fpu/crti.o
 .data          0x00000000        0x0 c:/program files/atollic/truestudio for stm32 9.3.0/armtools/bin/../lib/gcc/arm-atollic-eabi/6.3.1/armv7e-m/fpu/crti.o
 .bss           0x00000000        0x0 c:/program files/atollic/truestudio for stm32 9.3.0/armtools/bin/../lib/gcc/arm-atollic-eabi/6.3.1/armv7e-m/fpu/crti.o
 .data          0x00000000        0x4 c:/program files/atollic/truestudio for stm32 9.3.0/armtools/bin/../lib/gcc/arm-atollic-eabi/6.3.1/armv7e-m/fpu/crtbegin.o
 .text          0x00000000        0x0 Libraries\STM32F4xx_StdPeriph_Driver\src\ADC_program.o
 .data          0x00000000        0x0 Libraries\STM32F4xx_StdPeriph_Driver\src\ADC_program.o
 .bss           0x00000000        0x0 Libraries\STM32F4xx_StdPeriph_Driver\src\ADC_program.o
 .text          0x00000000        0x0 Libraries\STM32F4xx_StdPeriph_Driver\src\GPIO_program.o
 .data          0x00000000        0x0 Libraries\STM32F4xx_StdPeriph_Driver\src\GPIO_program.o
 .bss           0x00000000        0x0 Libraries\STM32F4xx_StdPeriph_Driver\src\GPIO_program.o
 .text.MGPIO_u8GetPinValue
                0x00000000      0x168 Libraries\STM32F4xx_StdPeriph_Driver\src\GPIO_program.o
 .text          0x00000000        0x0 Libraries\STM32F4xx_StdPeriph_Driver\src\LCD16x2.o
 .data          0x00000000        0x0 Libraries\STM32F4xx_StdPeriph_Driver\src\LCD16x2.o
 .bss           0x00000000        0x0 Libraries\STM32F4xx_StdPeriph_Driver\src\LCD16x2.o
 .text.LCD_SL   0x00000000       0x1a Libraries\STM32F4xx_StdPeriph_Driver\src\LCD16x2.o
 .text.LCD_SR   0x00000000       0x1a Libraries\STM32F4xx_StdPeriph_Driver\src\LCD16x2.o
 .text          0x00000000        0x0 Libraries\STM32F4xx_StdPeriph_Driver\src\LCD16x2_cfg.o
 .data          0x00000000        0x0 Libraries\STM32F4xx_StdPeriph_Driver\src\LCD16x2_cfg.o
 .bss           0x00000000        0x0 Libraries\STM32F4xx_StdPeriph_Driver\src\LCD16x2_cfg.o
 .text          0x00000000        0x0 Libraries\STM32F4xx_StdPeriph_Driver\src\RCC_program.o
 .data          0x00000000        0x0 Libraries\STM32F4xx_StdPeriph_Driver\src\RCC_program.o
 .bss           0x00000000        0x0 Libraries\STM32F4xx_StdPeriph_Driver\src\RCC_program.o
 .text.RCC_voidStutesInitSysClock
                0x00000000       0x5c Libraries\STM32F4xx_StdPeriph_Driver\src\RCC_program.o
 .text.RCC_voidDisableClock
                0x00000000       0xb8 Libraries\STM32F4xx_StdPeriph_Driver\src\RCC_program.o
 .text.RCC_voidResetClockPer
                0x00000000       0xac Libraries\STM32F4xx_StdPeriph_Driver\src\RCC_program.o
 .text          0x00000000        0x0 Libraries\STM32F4xx_StdPeriph_Driver\src\STICK_program.o
 .data          0x00000000        0x0 Libraries\STM32F4xx_StdPeriph_Driver\src\STICK_program.o
 .bss           0x00000000        0x0 Libraries\STM32F4xx_StdPeriph_Driver\src\STICK_program.o
 .text.MSTICK_voidSetIntervalSingle
                0x00000000       0x4c Libraries\STM32F4xx_StdPeriph_Driver\src\STICK_program.o
 .text.MSTICK_voidSetIntervalPeriodic
                0x00000000       0x4c Libraries\STM32F4xx_StdPeriph_Driver\src\STICK_program.o
 .text.MSTICK_voidStopTimer
                0x00000000       0x38 Libraries\STM32F4xx_StdPeriph_Driver\src\STICK_program.o
 .text.MSTICK_u32GetElapsedTime
                0x00000000       0x24 Libraries\STM32F4xx_StdPeriph_Driver\src\STICK_program.o
 .text.MSTICK_u32GetRemainingTime
                0x00000000       0x20 Libraries\STM32F4xx_StdPeriph_Driver\src\STICK_program.o
 .text          0x00000000        0x0 Libraries\STM32F4xx_StdPeriph_Driver\src\TIMER_program.o
 .data          0x00000000        0x0 Libraries\STM32F4xx_StdPeriph_Driver\src\TIMER_program.o
 .bss           0x00000000        0x0 Libraries\STM32F4xx_StdPeriph_Driver\src\TIMER_program.o
 .text.MTimer_voidinitPMWT1
                0x00000000       0xac Libraries\STM32F4xx_StdPeriph_Driver\src\TIMER_program.o
 .text.MTimer_voidPMWGENERATIONT1
                0x00000000       0x58 Libraries\STM32F4xx_StdPeriph_Driver\src\TIMER_program.o
 .text.MTimer_voidinitPMWT9
                0x00000000       0xb8 Libraries\STM32F4xx_StdPeriph_Driver\src\TIMER_program.o
 .text.MTimer_voidPMWGENERATIONT9
                0x00000000       0x58 Libraries\STM32F4xx_StdPeriph_Driver\src\TIMER_program.o
 .text.MTimer_voidinitPMWT4
                0x00000000       0xb8 Libraries\STM32F4xx_StdPeriph_Driver\src\TIMER_program.o
 .text.MTimer_voidPMWGENERATIONT4
                0x00000000       0x58 Libraries\STM32F4xx_StdPeriph_Driver\src\TIMER_program.o
 .text          0x00000000        0x0 Libraries\STM32F4xx_StdPeriph_Driver\src\USART_program.o
 .data          0x00000000        0x0 Libraries\STM32F4xx_StdPeriph_Driver\src\USART_program.o
 .bss           0x00000000        0x0 Libraries\STM32F4xx_StdPeriph_Driver\src\USART_program.o
 .text.MUSART1_voidInit
                0x00000000       0x80 Libraries\STM32F4xx_StdPeriph_Driver\src\USART_program.o
 .text.MUSART1_Transmitdata
                0x00000000       0x30 Libraries\STM32F4xx_StdPeriph_Driver\src\USART_program.o
 .text.MUSART1_voidTransmit
                0x00000000       0x4c Libraries\STM32F4xx_StdPeriph_Driver\src\USART_program.o
 .text.MUSART1_u8Receive
                0x00000000       0x34 Libraries\STM32F4xx_StdPeriph_Driver\src\USART_program.o
 .text.MUSART1_Receive1
                0x00000000       0x70 Libraries\STM32F4xx_StdPeriph_Driver\src\USART_program.o
 .text.comper_string
                0x00000000       0x52 Libraries\STM32F4xx_StdPeriph_Driver\src\USART_program.o
 .debug_info    0x00000000      0x21a Libraries\STM32F4xx_StdPeriph_Driver\src\USART_program.o
 .debug_abbrev  0x00000000      0x11b Libraries\STM32F4xx_StdPeriph_Driver\src\USART_program.o
 .debug_aranges
                0x00000000       0x48 Libraries\STM32F4xx_StdPeriph_Driver\src\USART_program.o
 .debug_ranges  0x00000000       0x38 Libraries\STM32F4xx_StdPeriph_Driver\src\USART_program.o
 .debug_line    0x00000000      0x161 Libraries\STM32F4xx_StdPeriph_Driver\src\USART_program.o
 .debug_str     0x00000000      0x297 Libraries\STM32F4xx_StdPeriph_Driver\src\USART_program.o
 .comment       0x00000000       0x7d Libraries\STM32F4xx_StdPeriph_Driver\src\USART_program.o
 .debug_frame   0x00000000       0xf8 Libraries\STM32F4xx_StdPeriph_Driver\src\USART_program.o
 .ARM.attributes
                0x00000000       0x39 Libraries\STM32F4xx_StdPeriph_Driver\src\USART_program.o
 .text          0x00000000        0x0 src\main.o
 .data          0x00000000        0x0 src\main.o
 .bss           0x00000000        0x0 src\main.o
 .text.Map_Current_Truset
                0x00000000       0x30 src\main.o
 .text          0x00000000       0x14 src\startup_stm32f429x.o
 .data          0x00000000        0x0 src\startup_stm32f429x.o
 .bss           0x00000000        0x0 src\startup_stm32f429x.o
 .text          0x00000000        0x0 src\stm32f4xx_it.o
 .data          0x00000000        0x0 src\stm32f4xx_it.o
 .bss           0x00000000        0x0 src\stm32f4xx_it.o
 .text          0x00000000        0x0 src\system_stm32f4xx.o
 .data          0x00000000        0x0 src\system_stm32f4xx.o
 .bss           0x00000000        0x0 src\system_stm32f4xx.o
 .data.SystemCoreClock
                0x00000000        0x4 src\system_stm32f4xx.o
 .data.AHBPrescTable
                0x00000000       0x10 src\system_stm32f4xx.o
 .text.SystemCoreClockUpdate
                0x00000000       0xf8 src\system_stm32f4xx.o
 .text          0x00000000        0x0 c:/program files/atollic/truestudio for stm32 9.3.0/armtools/bin/../lib/gcc/arm-atollic-eabi/6.3.1/../../../../arm-atollic-eabi/lib/armv7e-m/fpu\libc_nano.a(lib_a-init.o)
 .data          0x00000000        0x0 c:/program files/atollic/truestudio for stm32 9.3.0/armtools/bin/../lib/gcc/arm-atollic-eabi/6.3.1/../../../../arm-atollic-eabi/lib/armv7e-m/fpu\libc_nano.a(lib_a-init.o)
 .bss           0x00000000        0x0 c:/program files/atollic/truestudio for stm32 9.3.0/armtools/bin/../lib/gcc/arm-atollic-eabi/6.3.1/../../../../arm-atollic-eabi/lib/armv7e-m/fpu\libc_nano.a(lib_a-init.o)
 .text          0x00000000        0x0 c:/program files/atollic/truestudio for stm32 9.3.0/armtools/bin/../lib/gcc/arm-atollic-eabi/6.3.1/../../../../arm-atollic-eabi/lib/armv7e-m/fpu\libc_nano.a(lib_a-itoa.o)
 .data          0x00000000        0x0 c:/program files/atollic/truestudio for stm32 9.3.0/armtools/bin/../lib/gcc/arm-atollic-eabi/6.3.1/../../../../arm-atollic-eabi/lib/armv7e-m/fpu\libc_nano.a(lib_a-itoa.o)
 .bss           0x00000000        0x0 c:/program files/atollic/truestudio for stm32 9.3.0/armtools/bin/../lib/gcc/arm-atollic-eabi/6.3.1/../../../../arm-atollic-eabi/lib/armv7e-m/fpu\libc_nano.a(lib_a-itoa.o)
 .text          0x00000000        0x0 c:/program files/atollic/truestudio for stm32 9.3.0/armtools/bin/../lib/gcc/arm-atollic-eabi/6.3.1/../../../../arm-atollic-eabi/lib/armv7e-m/fpu\libc_nano.a(lib_a-utoa.o)
 .data          0x00000000        0x0 c:/program files/atollic/truestudio for stm32 9.3.0/armtools/bin/../lib/gcc/arm-atollic-eabi/6.3.1/../../../../arm-atollic-eabi/lib/armv7e-m/fpu\libc_nano.a(lib_a-utoa.o)
 .bss           0x00000000        0x0 c:/program files/atollic/truestudio for stm32 9.3.0/armtools/bin/../lib/gcc/arm-atollic-eabi/6.3.1/../../../../arm-atollic-eabi/lib/armv7e-m/fpu\libc_nano.a(lib_a-utoa.o)
 .text.utoa     0x00000000        0x4 c:/program files/atollic/truestudio for stm32 9.3.0/armtools/bin/../lib/gcc/arm-atollic-eabi/6.3.1/../../../../arm-atollic-eabi/lib/armv7e-m/fpu\libc_nano.a(lib_a-utoa.o)
 .text          0x00000000        0x0 c:/program files/atollic/truestudio for stm32 9.3.0/armtools/bin/../lib/gcc/arm-atollic-eabi/6.3.1/armv7e-m/fpu/crtend.o
 .data          0x00000000        0x0 c:/program files/atollic/truestudio for stm32 9.3.0/armtools/bin/../lib/gcc/arm-atollic-eabi/6.3.1/armv7e-m/fpu/crtend.o
 .bss           0x00000000        0x0 c:/program files/atollic/truestudio for stm32 9.3.0/armtools/bin/../lib/gcc/arm-atollic-eabi/6.3.1/armv7e-m/fpu/crtend.o
 .eh_frame      0x00000000        0x4 c:/program files/atollic/truestudio for stm32 9.3.0/armtools/bin/../lib/gcc/arm-atollic-eabi/6.3.1/armv7e-m/fpu/crtend.o
 .ARM.attributes
                0x00000000       0x34 c:/program files/atollic/truestudio for stm32 9.3.0/armtools/bin/../lib/gcc/arm-atollic-eabi/6.3.1/armv7e-m/fpu/crtend.o
 .text          0x00000000        0x0 c:/program files/atollic/truestudio for stm32 9.3.0/armtools/bin/../lib/gcc/arm-atollic-eabi/6.3.1/armv7e-m/fpu/crtn.o
 .data          0x00000000        0x0 c:/program files/atollic/truestudio for stm32 9.3.0/armtools/bin/../lib/gcc/arm-atollic-eabi/6.3.1/armv7e-m/fpu/crtn.o
 .bss           0x00000000        0x0 c:/program files/atollic/truestudio for stm32 9.3.0/armtools/bin/../lib/gcc/arm-atollic-eabi/6.3.1/armv7e-m/fpu/crtn.o

Memory Configuration

Name             Origin             Length             Attributes
FLASH            0x08000000         0x00200000         xr
RAM              0x20000000         0x00030000         xrw
MEMORY_B1        0x60000000         0x00000000         xr
CCMRAM           0x10000000         0x00010000         rw
*default*        0x00000000         0xffffffff

Linker script and memory map

LOAD c:/program files/atollic/truestudio for stm32 9.3.0/armtools/bin/../lib/gcc/arm-atollic-eabi/6.3.1/armv7e-m/fpu/crti.o
LOAD c:/program files/atollic/truestudio for stm32 9.3.0/armtools/bin/../lib/gcc/arm-atollic-eabi/6.3.1/armv7e-m/fpu/crtbegin.o
LOAD Libraries\STM32F4xx_StdPeriph_Driver\src\ADC_program.o
LOAD Libraries\STM32F4xx_StdPeriph_Driver\src\GPIO_program.o
LOAD Libraries\STM32F4xx_StdPeriph_Driver\src\LCD16x2.o
LOAD Libraries\STM32F4xx_StdPeriph_Driver\src\LCD16x2_cfg.o
LOAD Libraries\STM32F4xx_StdPeriph_Driver\src\RCC_program.o
LOAD Libraries\STM32F4xx_StdPeriph_Driver\src\STICK_program.o
LOAD Libraries\STM32F4xx_StdPeriph_Driver\src\TIMER_program.o
LOAD Libraries\STM32F4xx_StdPeriph_Driver\src\USART_program.o
LOAD src\main.o
LOAD src\startup_stm32f429x.o
LOAD src\stm32f4xx_it.o
LOAD src\system_stm32f4xx.o
                0x00000080                malloc_getpagesize_P = 0x80
START GROUP
LOAD c:/program files/atollic/truestudio for stm32 9.3.0/armtools/bin/../lib/gcc/arm-atollic-eabi/6.3.1/../../../../arm-atollic-eabi/lib/armv7e-m/fpu\libc_nano.a
LOAD c:/program files/atollic/truestudio for stm32 9.3.0/armtools/bin/../lib/gcc/arm-atollic-eabi/6.3.1/../../../../arm-atollic-eabi/lib/armv7e-m/fpu\libm.a
END GROUP
START GROUP
LOAD c:/program files/atollic/truestudio for stm32 9.3.0/armtools/bin/../lib/gcc/arm-atollic-eabi/6.3.1/armv7e-m/fpu\libgcc.a
LOAD c:/program files/atollic/truestudio for stm32 9.3.0/armtools/bin/../lib/gcc/arm-atollic-eabi/6.3.1/../../../../arm-atollic-eabi/lib/armv7e-m/fpu\libc_nano.a
END GROUP
START GROUP
LOAD c:/program files/atollic/truestudio for stm32 9.3.0/armtools/bin/../lib/gcc/arm-atollic-eabi/6.3.1/armv7e-m/fpu\libgcc.a
LOAD c:/program files/atollic/truestudio for stm32 9.3.0/armtools/bin/../lib/gcc/arm-atollic-eabi/6.3.1/../../../../arm-atollic-eabi/lib/armv7e-m/fpu\libc_nano.a
LOAD c:/program files/atollic/truestudio for stm32 9.3.0/armtools/bin/../lib/gcc/arm-atollic-eabi/6.3.1/../../../../arm-atollic-eabi/lib/armv7e-m/fpu\libnosys.a
END GROUP
START GROUP
LOAD c:/program files/atollic/truestudio for stm32 9.3.0/armtools/bin/../lib/gcc/arm-atollic-eabi/6.3.1/armv7e-m/fpu\libgcc.a
LOAD c:/program files/atollic/truestudio for stm32 9.3.0/armtools/bin/../lib/gcc/arm-atollic-eabi/6.3.1/../../../../arm-atollic-eabi/lib/armv7e-m/fpu\libc_nano.a
LOAD c:/program files/atollic/truestudio for stm32 9.3.0/armtools/bin/../lib/gcc/arm-atollic-eabi/6.3.1/../../../../arm-atollic-eabi/lib/armv7e-m/fpu\libnosys.a
END GROUP
LOAD c:/program files/atollic/truestudio for stm32 9.3.0/armtools/bin/../lib/gcc/arm-atollic-eabi/6.3.1/armv7e-m/fpu/crtend.o
LOAD c:/program files/atollic/truestudio for stm32 9.3.0/armtools/bin/../lib/gcc/arm-atollic-eabi/6.3.1/armv7e-m/fpu/crtn.o
                0x20030000                _estack = 0x20030000
                0x00000000                _Min_Heap_Size = 0x0
                0x00000400                _Min_Stack_Size = 0x400

.isr_vector     0x08000000      0x1ac
                0x08000000                . = ALIGN (0x4)
 *(.isr_vector)
 .isr_vector    0x08000000      0x1ac src\startup_stm32f429x.o
                0x08000000                g_pfnVectors
                0x080001ac                . = ALIGN (0x4)

.text           0x080001ac     0x256c
                0x080001ac                . = ALIGN (0x4)
 *(.text)
 .text          0x080001ac       0x40 c:/program files/atollic/truestudio for stm32 9.3.0/armtools/bin/../lib/gcc/arm-atollic-eabi/6.3.1/armv7e-m/fpu/crtbegin.o
 *(.text*)
 .text.ADC1_voidInitCountious
                0x080001ec       0x78 Libraries\STM32F4xx_StdPeriph_Driver\src\ADC_program.o
                0x080001ec                ADC1_voidInitCountious
 .text.ADC1_void
                0x08000264       0x48 Libraries\STM32F4xx_StdPeriph_Driver\src\ADC_program.o
                0x08000264                ADC1_void
 .text.ADC1_u16Read
                0x080002ac       0x40 Libraries\STM32F4xx_StdPeriph_Driver\src\ADC_program.o
                0x080002ac                ADC1_u16Read
 .text.MGPIO_voidSetPinDrictionOutAf
                0x080002ec      0x718 Libraries\STM32F4xx_StdPeriph_Driver\src\GPIO_program.o
                0x080002ec                MGPIO_voidSetPinDrictionOutAf
 .text.MGPIO_voidSetPinDrictionMode
                0x08000a04      0x274 Libraries\STM32F4xx_StdPeriph_Driver\src\GPIO_program.o
                0x08000a04                MGPIO_voidSetPinDrictionMode
 .text.MGPIO_voidActivePullUpPullDown
                0x08000c78      0x274 Libraries\STM32F4xx_StdPeriph_Driver\src\GPIO_program.o
                0x08000c78                MGPIO_voidActivePullUpPullDown
 .text.MGPIO_voidSetPinValue
                0x08000eec      0x314 Libraries\STM32F4xx_StdPeriph_Driver\src\GPIO_program.o
                0x08000eec                MGPIO_voidSetPinValue
 .text.MGPIO_voidSetAfPeripier
                0x08001200      0x580 Libraries\STM32F4xx_StdPeriph_Driver\src\GPIO_program.o
                0x08001200                MGPIO_voidSetAfPeripier
 .text.LCD_DATA
                0x08001780       0xc8 Libraries\STM32F4xx_StdPeriph_Driver\src\LCD16x2.o
                0x08001780                LCD_DATA
 .text.LCD_CMD  0x08001848       0x64 Libraries\STM32F4xx_StdPeriph_Driver\src\LCD16x2.o
                0x08001848                LCD_CMD
 .text.LCD_Clear
                0x080018ac       0x14 Libraries\STM32F4xx_StdPeriph_Driver\src\LCD16x2.o
                0x080018ac                LCD_Clear
 .text.LCD_Set_Cursor
                0x080018c0       0x74 Libraries\STM32F4xx_StdPeriph_Driver\src\LCD16x2.o
                0x080018c0                LCD_Set_Cursor
 .text.LCD_Init
                0x08001934       0xf4 Libraries\STM32F4xx_StdPeriph_Driver\src\LCD16x2.o
                0x08001934                LCD_Init
 .text.LCD_Write_Char
                0x08001a28       0xb4 Libraries\STM32F4xx_StdPeriph_Driver\src\LCD16x2.o
                0x08001a28                LCD_Write_Char
 .text.LCD_Write_String
                0x08001adc       0x36 Libraries\STM32F4xx_StdPeriph_Driver\src\LCD16x2.o
                0x08001adc                LCD_Write_String
 .text.LCD_IntToString
                0x08001b12       0x1e Libraries\STM32F4xx_StdPeriph_Driver\src\LCD16x2.o
                0x08001b12                LCD_IntToString
 .text.RCC_voidInitSysClock
                0x08001b30       0x20 Libraries\STM32F4xx_StdPeriph_Driver\src\RCC_program.o
                0x08001b30                RCC_voidInitSysClock
 .text.RCC_voidEnableClock
                0x08001b50       0xac Libraries\STM32F4xx_StdPeriph_Driver\src\RCC_program.o
                0x08001b50                RCC_voidEnableClock
 .text.MSTICK_voidInit
                0x08001bfc       0x18 Libraries\STM32F4xx_StdPeriph_Driver\src\STICK_program.o
                0x08001bfc                MSTICK_voidInit
 .text.MSTICK_voidSetBusyWait
                0x08001c14       0x54 Libraries\STM32F4xx_StdPeriph_Driver\src\STICK_program.o
                0x08001c14                MSTICK_voidSetBusyWait
 .text.SysTick_Handler
                0x08001c68       0x5c Libraries\STM32F4xx_StdPeriph_Driver\src\STICK_program.o
                0x08001c68                SysTick_Handler
 .text.MTimer_voidinitPMWT8
                0x08001cc4       0xc0 Libraries\STM32F4xx_StdPeriph_Driver\src\TIMER_program.o
                0x08001cc4                MTimer_voidinitPMWT8
 .text.MTimer_voidPMWGENERATIONT8
                0x08001d84       0x34 Libraries\STM32F4xx_StdPeriph_Driver\src\TIMER_program.o
                0x08001d84                MTimer_voidPMWGENERATIONT8
 .text.MTimer_voidinitMeagerPMWT1
                0x08001db8      0x110 Libraries\STM32F4xx_StdPeriph_Driver\src\TIMER_program.o
                0x08001db8                MTimer_voidinitMeagerPMWT1
 .text.updata_value
                0x08001ec8       0xf0 Libraries\STM32F4xx_StdPeriph_Driver\src\TIMER_program.o
                0x08001ec8                updata_value
 .text.TIM1_CC_IRQHandler
                0x08001fb8       0x34 Libraries\STM32F4xx_StdPeriph_Driver\src\TIMER_program.o
                0x08001fb8                TIM1_CC_IRQHandler
 .text.main     0x08001fec      0x300 src\main.o
                0x08001fec                main
 .text.Read_SENSOR
                0x080022ec       0x50 src\main.o
                0x080022ec                Read_SENSOR
 .text.Comper_HOLD_Read_sensor
                0x0800233c       0x4c src\main.o
                0x0800233c                Comper_HOLD_Read_sensor
 .text.Map_Vlotage_Current
                0x08002388       0x74 src\main.o
                0x08002388                Map_Vlotage_Current
 .text.Reset_Handler
                0x080023fc       0x50 src\startup_stm32f429x.o
                0x080023fc                Reset_Handler
 .text.Default_Handler
                0x0800244c        0x2 src\startup_stm32f429x.o
                0x0800244c                RTC_Alarm_IRQHandler
                0x0800244c                HASH_RNG_IRQHandler
                0x0800244c                EXTI2_IRQHandler
                0x0800244c                TIM8_CC_IRQHandler
                0x0800244c                UART8_IRQHandler
                0x0800244c                SPI4_IRQHandler
                0x0800244c                DMA2_Stream5_IRQHandler
                0x0800244c                DMA1_Stream5_IRQHandler
                0x0800244c                PVD_IRQHandler
                0x0800244c                SDIO_IRQHandler
                0x0800244c                TAMP_STAMP_IRQHandler
                0x0800244c                CAN2_RX1_IRQHandler
                0x0800244c                EXTI3_IRQHandler
                0x0800244c                TIM8_TRG_COM_TIM14_IRQHandler
                0x0800244c                TIM1_UP_TIM10_IRQHandler
                0x0800244c                TIM8_UP_TIM13_IRQHandler
                0x0800244c                I2C3_ER_IRQHandler
                0x0800244c                EXTI0_IRQHandler
                0x0800244c                I2C2_EV_IRQHandler
                0x0800244c                DMA1_Stream2_IRQHandler
                0x0800244c                CAN1_RX0_IRQHandler
                0x0800244c                FPU_IRQHandler
                0x0800244c                OTG_HS_WKUP_IRQHandler
                0x0800244c                LTDC_ER_IRQHandler
                0x0800244c                CAN2_SCE_IRQHandler
                0x0800244c                DMA2_Stream2_IRQHandler
                0x0800244c                SPI1_IRQHandler
                0x0800244c                TIM6_DAC_IRQHandler
                0x0800244c                TIM1_BRK_TIM9_IRQHandler
                0x0800244c                DCMI_IRQHandler
                0x0800244c                CAN2_RX0_IRQHandler
                0x0800244c                DMA2_Stream3_IRQHandler
                0x0800244c                USART6_IRQHandler
                0x0800244c                USART3_IRQHandler
                0x0800244c                CRYP_IRQHandler
                0x0800244c                CAN1_RX1_IRQHandler
                0x0800244c                UART5_IRQHandler
                0x0800244c                DMA2_Stream0_IRQHandler
                0x0800244c                TIM4_IRQHandler
                0x0800244c                I2C1_EV_IRQHandler
                0x0800244c                DMA1_Stream6_IRQHandler
                0x0800244c                DMA1_Stream1_IRQHandler
                0x0800244c                UART4_IRQHandler
                0x0800244c                TIM3_IRQHandler
                0x0800244c                RCC_IRQHandler
                0x0800244c                TIM8_BRK_TIM12_IRQHandler
                0x0800244c                Default_Handler
                0x0800244c                EXTI15_10_IRQHandler
                0x0800244c                ADC_IRQHandler
                0x0800244c                DMA1_Stream7_IRQHandler
                0x0800244c                SPI5_IRQHandler
                0x0800244c                TIM7_IRQHandler
                0x0800244c                CAN2_TX_IRQHandler
                0x0800244c                TIM5_IRQHandler
                0x0800244c                DMA2_Stream7_IRQHandler
                0x0800244c                I2C3_EV_IRQHandler
                0x0800244c                EXTI9_5_IRQHandler
                0x0800244c                RTC_WKUP_IRQHandler
                0x0800244c                LTDC_IRQHandler
                0x0800244c                ETH_WKUP_IRQHandler
                0x0800244c                SPI2_IRQHandler
                0x0800244c                OTG_HS_EP1_IN_IRQHandler
                0x0800244c                DMA1_Stream0_IRQHandler
                0x0800244c                CAN1_TX_IRQHandler
                0x0800244c                EXTI4_IRQHandler
                0x0800244c                ETH_IRQHandler
                0x0800244c                OTG_HS_EP1_OUT_IRQHandler
                0x0800244c                WWDG_IRQHandler
                0x0800244c                SPI6_IRQHandler
                0x0800244c                TIM2_IRQHandler
                0x0800244c                OTG_FS_WKUP_IRQHandler
                0x0800244c                TIM1_TRG_COM_TIM11_IRQHandler
                0x0800244c                OTG_HS_IRQHandler
                0x0800244c                DMA2D_IRQHandler
                0x0800244c                EXTI1_IRQHandler
                0x0800244c                UART7_IRQHandler
                0x0800244c                USART2_IRQHandler
                0x0800244c                I2C2_ER_IRQHandler
                0x0800244c                DMA2_Stream1_IRQHandler
                0x0800244c                CAN1_SCE_IRQHandler
                0x0800244c                FLASH_IRQHandler
                0x0800244c                DMA2_Stream4_IRQHandler
                0x0800244c                USART1_IRQHandler
                0x0800244c                OTG_FS_IRQHandler
                0x0800244c                SPI3_IRQHandler
                0x0800244c                DMA1_Stream4_IRQHandler
                0x0800244c                I2C1_ER_IRQHandler
                0x0800244c                FMC_IRQHandler
                0x0800244c                DMA2_Stream6_IRQHandler
                0x0800244c                SAI1_IRQHandler
                0x0800244c                DMA1_Stream3_IRQHandler
 .text.NMI_Handler
                0x0800244e        0xe src\stm32f4xx_it.o
                0x0800244e                NMI_Handler
 .text.HardFault_Handler
                0x0800245c        0x6 src\stm32f4xx_it.o
                0x0800245c                HardFault_Handler
 .text.MemManage_Handler
                0x08002462        0x6 src\stm32f4xx_it.o
                0x08002462                MemManage_Handler
 .text.BusFault_Handler
                0x08002468        0x6 src\stm32f4xx_it.o
                0x08002468                BusFault_Handler
 .text.UsageFault_Handler
                0x0800246e        0x6 src\stm32f4xx_it.o
                0x0800246e                UsageFault_Handler
 .text.SVC_Handler
                0x08002474        0xe src\stm32f4xx_it.o
                0x08002474                SVC_Handler
 .text.DebugMon_Handler
                0x08002482        0xe src\stm32f4xx_it.o
                0x08002482                DebugMon_Handler
 .text.PendSV_Handler
                0x08002490        0xe src\stm32f4xx_it.o
                0x08002490                PendSV_Handler
 *fill*         0x0800249e        0x2 
 .text.SystemInit
                0x080024a0       0x6c src\system_stm32f4xx.o
                0x080024a0                SystemInit
 .text.SetSysClock
                0x0800250c       0xf8 src\system_stm32f4xx.o
 .text.__libc_init_array
                0x08002604       0x48 c:/program files/atollic/truestudio for stm32 9.3.0/armtools/bin/../lib/gcc/arm-atollic-eabi/6.3.1/../../../../arm-atollic-eabi/lib/armv7e-m/fpu\libc_nano.a(lib_a-init.o)
                0x08002604                __libc_init_array
 .text.__itoa   0x0800264c       0x30 c:/program files/atollic/truestudio for stm32 9.3.0/armtools/bin/../lib/gcc/arm-atollic-eabi/6.3.1/../../../../arm-atollic-eabi/lib/armv7e-m/fpu\libc_nano.a(lib_a-itoa.o)
                0x0800264c                __itoa
 .text.itoa     0x0800267c        0x4 c:/program files/atollic/truestudio for stm32 9.3.0/armtools/bin/../lib/gcc/arm-atollic-eabi/6.3.1/../../../../arm-atollic-eabi/lib/armv7e-m/fpu\libc_nano.a(lib_a-itoa.o)
                0x0800267c                itoa
 .text.__utoa   0x08002680       0x80 c:/program files/atollic/truestudio for stm32 9.3.0/armtools/bin/../lib/gcc/arm-atollic-eabi/6.3.1/../../../../arm-atollic-eabi/lib/armv7e-m/fpu\libc_nano.a(lib_a-utoa.o)
                0x08002680                __utoa
 *(.glue_7)
 .glue_7        0x08002700        0x0 linker stubs
 *(.glue_7t)
 .glue_7t       0x08002700        0x0 linker stubs
 *(.eh_frame)
 .eh_frame      0x08002700        0x0 c:/program files/atollic/truestudio for stm32 9.3.0/armtools/bin/../lib/gcc/arm-atollic-eabi/6.3.1/armv7e-m/fpu/crtbegin.o
 *(.init)
 .init          0x08002700        0x4 c:/program files/atollic/truestudio for stm32 9.3.0/armtools/bin/../lib/gcc/arm-atollic-eabi/6.3.1/armv7e-m/fpu/crti.o
                0x08002700                _init
 .init          0x08002704        0x8 c:/program files/atollic/truestudio for stm32 9.3.0/armtools/bin/../lib/gcc/arm-atollic-eabi/6.3.1/armv7e-m/fpu/crtn.o
 *(.fini)
 .fini          0x0800270c        0x4 c:/program files/atollic/truestudio for stm32 9.3.0/armtools/bin/../lib/gcc/arm-atollic-eabi/6.3.1/armv7e-m/fpu/crti.o
                0x0800270c                _fini
 .fini          0x08002710        0x8 c:/program files/atollic/truestudio for stm32 9.3.0/armtools/bin/../lib/gcc/arm-atollic-eabi/6.3.1/armv7e-m/fpu/crtn.o
                0x08002718                . = ALIGN (0x4)
                0x08002718                _etext = .

.vfp11_veneer   0x08002718        0x0
 .vfp11_veneer  0x08002718        0x0 linker stubs

.v4_bx          0x08002718        0x0
 .v4_bx         0x08002718        0x0 linker stubs

.iplt           0x08002718        0x0
 .iplt          0x08002718        0x0 c:/program files/atollic/truestudio for stm32 9.3.0/armtools/bin/../lib/gcc/arm-atollic-eabi/6.3.1/armv7e-m/fpu/crtbegin.o

.rodata         0x08002718       0x3c
                0x08002718                . = ALIGN (0x4)
 *(.rodata)
 *(.rodata*)
 .rodata.LCD16x2_CfgParam
                0x08002718       0x14 Libraries\STM32F4xx_StdPeriph_Driver\src\LCD16x2_cfg.o
                0x08002718                LCD16x2_CfgParam
 .rodata.__utoa.str1.1
                0x0800272c       0x25 c:/program files/atollic/truestudio for stm32 9.3.0/armtools/bin/../lib/gcc/arm-atollic-eabi/6.3.1/../../../../arm-atollic-eabi/lib/armv7e-m/fpu\libc_nano.a(lib_a-utoa.o)
                0x08002754                . = ALIGN (0x4)
 *fill*         0x08002751        0x3 

.rel.dyn        0x08002754        0x0
 .rel.iplt      0x08002754        0x0 c:/program files/atollic/truestudio for stm32 9.3.0/armtools/bin/../lib/gcc/arm-atollic-eabi/6.3.1/armv7e-m/fpu/crtbegin.o

.ARM.extab
 *(.ARM.extab* .gnu.linkonce.armextab.*)

.ARM            0x08002754        0x0
                0x08002754                __exidx_start = .
 *(.ARM.exidx*)
                0x08002754                __exidx_end = .

.preinit_array  0x08002754        0x0
                0x08002754                PROVIDE (__preinit_array_start, .)
 *(.preinit_array*)
                0x08002754                PROVIDE (__preinit_array_end, .)

.init_array     0x08002754        0x4
                0x08002754                PROVIDE (__init_array_start, .)
 *(SORT(.init_array.*))
 *(.init_array*)
 .init_array    0x08002754        0x4 c:/program files/atollic/truestudio for stm32 9.3.0/armtools/bin/../lib/gcc/arm-atollic-eabi/6.3.1/armv7e-m/fpu/crtbegin.o
                0x08002758                PROVIDE (__init_array_end, .)

.fini_array     0x08002758        0x4
                [!provide]                PROVIDE (__fini_array_start, .)
 *(SORT(.fini_array.*))
 *(.fini_array*)
 .fini_array    0x08002758        0x4 c:/program files/atollic/truestudio for stm32 9.3.0/armtools/bin/../lib/gcc/arm-atollic-eabi/6.3.1/armv7e-m/fpu/crtbegin.o
                [!provide]                PROVIDE (__fini_array_end, .)
                0x0800275c                _sidata = LOADADDR (.data)

.data           0x20000000        0x0 load address 0x0800275c
                0x20000000                . = ALIGN (0x4)
                0x20000000                _sdata = .
 *(.data)
 *(.data*)
                0x20000000                . = ALIGN (0x4)
                0x20000000                _edata = .
                0x0800275c                _siccmram = LOADADDR (.ccmram)

.igot.plt       0x20000000        0x0 load address 0x0800275c
 .igot.plt      0x20000000        0x0 c:/program files/atollic/truestudio for stm32 9.3.0/armtools/bin/../lib/gcc/arm-atollic-eabi/6.3.1/armv7e-m/fpu/crtbegin.o

.ccmram         0x10000000        0x0 load address 0x0800275c
                0x10000000                . = ALIGN (0x4)
                0x10000000                _sccmram = .
 *(.ccmram)
 *(.ccmram*)
                0x10000000                . = ALIGN (0x4)
                0x10000000                _eccmram = .
                0x10000000                . = ALIGN (0x4)

.bss            0x20000000       0x3c
                0x20000000                _sbss = .
                0x20000000                __bss_start__ = _sbss
 *(.bss)
 .bss           0x20000000       0x1c c:/program files/atollic/truestudio for stm32 9.3.0/armtools/bin/../lib/gcc/arm-atollic-eabi/6.3.1/armv7e-m/fpu/crtbegin.o
 *(.bss*)
 .bss.STICk_u8ModeInterval
                0x2000001c        0x1 Libraries\STM32F4xx_StdPeriph_Driver\src\STICK_program.o
 *fill*         0x2000001d        0x3 
 .bss.capy_u32PtrTimer_avage_old.5374
                0x20000020        0x4 Libraries\STM32F4xx_StdPeriph_Driver\src\TIMER_program.o
 .bss.capy_u32PtrT_on_avage_old.5375
                0x20000024        0x4 Libraries\STM32F4xx_StdPeriph_Driver\src\TIMER_program.o
 .bss.sensore_Digital_ValueAvrage
                0x20000028        0x4 src\main.o
                0x20000028                sensore_Digital_ValueAvrage
 .bss.Updata_Digital_ValueAvrage
                0x2000002c        0x4 src\main.o
                0x2000002c                Updata_Digital_ValueAvrage
 .bss.Local_Digital_ValueAvrage_Hold.6897
                0x20000030        0x4 src\main.o
 *(COMMON)
 COMMON         0x20000034        0x4 Libraries\STM32F4xx_StdPeriph_Driver\src\STICK_program.o
                0x20000034                STICK_CallBack
 COMMON         0x20000038        0x4 Libraries\STM32F4xx_StdPeriph_Driver\src\TIMER_program.o
                0x20000038                Timer
                0x2000003a                T_on
                0x2000003c                . = ALIGN (0x4)
                0x2000003c                _ebss = .
                0x2000003c                __bss_end__ = _ebss

._user_heap_stack
                0x2000003c      0x400
                0x2000003c                . = ALIGN (0x4)
                [!provide]                PROVIDE (end, .)
                [!provide]                PROVIDE (_end, .)
                0x2000003c                . = (. + _Min_Heap_Size)
                0x2000043c                . = (. + _Min_Stack_Size)
 *fill*         0x2000003c      0x400 
                0x2000043c                . = ALIGN (0x4)

.memory_b1_text
 *(.mb1text)
 *(.mb1text*)
 *(.mb1rodata)
 *(.mb1rodata*)

/DISCARD/
 libc.a(*)
 libm.a(*)
 libgcc.a(*)

.ARM.attributes
                0x00000000       0x30
 *(.ARM.attributes)
 .ARM.attributes
                0x00000000       0x22 c:/program files/atollic/truestudio for stm32 9.3.0/armtools/bin/../lib/gcc/arm-atollic-eabi/6.3.1/armv7e-m/fpu/crti.o
 .ARM.attributes
                0x00000022       0x34 c:/program files/atollic/truestudio for stm32 9.3.0/armtools/bin/../lib/gcc/arm-atollic-eabi/6.3.1/armv7e-m/fpu/crtbegin.o
 .ARM.attributes
                0x00000056       0x39 Libraries\STM32F4xx_StdPeriph_Driver\src\ADC_program.o
 .ARM.attributes
                0x0000008f       0x39 Libraries\STM32F4xx_StdPeriph_Driver\src\GPIO_program.o
 .ARM.attributes
                0x000000c8       0x39 Libraries\STM32F4xx_StdPeriph_Driver\src\LCD16x2.o
 .ARM.attributes
                0x00000101       0x39 Libraries\STM32F4xx_StdPeriph_Driver\src\LCD16x2_cfg.o
 .ARM.attributes
                0x0000013a       0x39 Libraries\STM32F4xx_StdPeriph_Driver\src\RCC_program.o
 .ARM.attributes
                0x00000173       0x39 Libraries\STM32F4xx_StdPeriph_Driver\src\STICK_program.o
 .ARM.attributes
                0x000001ac       0x39 Libraries\STM32F4xx_StdPeriph_Driver\src\TIMER_program.o
 .ARM.attributes
                0x000001e5       0x39 src\main.o
 .ARM.attributes
                0x0000021e       0x21 src\startup_stm32f429x.o
 .ARM.attributes
                0x0000023f       0x39 src\stm32f4xx_it.o
 .ARM.attributes
                0x00000278       0x39 src\system_stm32f4xx.o
 .ARM.attributes
                0x000002b1       0x34 c:/program files/atollic/truestudio for stm32 9.3.0/armtools/bin/../lib/gcc/arm-atollic-eabi/6.3.1/../../../../arm-atollic-eabi/lib/armv7e-m/fpu\libc_nano.a(lib_a-init.o)
 .ARM.attributes
                0x000002e5       0x34 c:/program files/atollic/truestudio for stm32 9.3.0/armtools/bin/../lib/gcc/arm-atollic-eabi/6.3.1/../../../../arm-atollic-eabi/lib/armv7e-m/fpu\libc_nano.a(lib_a-itoa.o)
 .ARM.attributes
                0x00000319       0x34 c:/program files/atollic/truestudio for stm32 9.3.0/armtools/bin/../lib/gcc/arm-atollic-eabi/6.3.1/../../../../arm-atollic-eabi/lib/armv7e-m/fpu\libc_nano.a(lib_a-utoa.o)
 .ARM.attributes
                0x0000034d       0x22 c:/program files/atollic/truestudio for stm32 9.3.0/armtools/bin/../lib/gcc/arm-atollic-eabi/6.3.1/armv7e-m/fpu/crtn.o
OUTPUT(YARB.elf elf32-littlearm)

.debug_info     0x00000000     0x1ef2
 .debug_info    0x00000000      0x20b Libraries\STM32F4xx_StdPeriph_Driver\src\ADC_program.o
 .debug_info    0x0000020b      0x231 Libraries\STM32F4xx_StdPeriph_Driver\src\GPIO_program.o
 .debug_info    0x0000043c      0x4a1 Libraries\STM32F4xx_StdPeriph_Driver\src\LCD16x2.o
 .debug_info    0x000008dd      0x210 Libraries\STM32F4xx_StdPeriph_Driver\src\LCD16x2_cfg.o
 .debug_info    0x00000aed      0x27e Libraries\STM32F4xx_StdPeriph_Driver\src\RCC_program.o
 .debug_info    0x00000d6b      0x211 Libraries\STM32F4xx_StdPeriph_Driver\src\STICK_program.o
 .debug_info    0x00000f7c      0x406 Libraries\STM32F4xx_StdPeriph_Driver\src\TIMER_program.o
 .debug_info    0x00001382      0x3a8 src\main.o
 .debug_info    0x0000172a       0x8b src\startup_stm32f429x.o
 .debug_info    0x000017b5      0x143 src\stm32f4xx_it.o
 .debug_info    0x000018f8      0x5fa src\system_stm32f4xx.o

.debug_abbrev   0x00000000      0xa47
 .debug_abbrev  0x00000000       0xae Libraries\STM32F4xx_StdPeriph_Driver\src\ADC_program.o
 .debug_abbrev  0x000000ae       0xa7 Libraries\STM32F4xx_StdPeriph_Driver\src\GPIO_program.o
 .debug_abbrev  0x00000155      0x19c Libraries\STM32F4xx_StdPeriph_Driver\src\LCD16x2.o
 .debug_abbrev  0x000002f1       0xe3 Libraries\STM32F4xx_StdPeriph_Driver\src\LCD16x2_cfg.o
 .debug_abbrev  0x000003d4       0xca Libraries\STM32F4xx_StdPeriph_Driver\src\RCC_program.o
 .debug_abbrev  0x0000049e      0x103 Libraries\STM32F4xx_StdPeriph_Driver\src\STICK_program.o
 .debug_abbrev  0x000005a1      0x148 Libraries\STM32F4xx_StdPeriph_Driver\src\TIMER_program.o
 .debug_abbrev  0x000006e9      0x17c src\main.o
 .debug_abbrev  0x00000865       0x12 src\startup_stm32f429x.o
 .debug_abbrev  0x00000877       0x78 src\stm32f4xx_it.o
 .debug_abbrev  0x000008ef      0x158 src\system_stm32f4xx.o

.debug_aranges  0x00000000      0x2f0
 .debug_aranges
                0x00000000       0x30 Libraries\STM32F4xx_StdPeriph_Driver\src\ADC_program.o
 .debug_aranges
                0x00000030       0x48 Libraries\STM32F4xx_StdPeriph_Driver\src\GPIO_program.o
 .debug_aranges
                0x00000078       0x68 Libraries\STM32F4xx_StdPeriph_Driver\src\LCD16x2.o
 .debug_aranges
                0x000000e0       0x18 Libraries\STM32F4xx_StdPeriph_Driver\src\LCD16x2_cfg.o
 .debug_aranges
                0x000000f8       0x40 Libraries\STM32F4xx_StdPeriph_Driver\src\RCC_program.o
 .debug_aranges
                0x00000138       0x58 Libraries\STM32F4xx_StdPeriph_Driver\src\STICK_program.o
 .debug_aranges
                0x00000190       0x70 Libraries\STM32F4xx_StdPeriph_Driver\src\TIMER_program.o
 .debug_aranges
                0x00000200       0x40 src\main.o
 .debug_aranges
                0x00000240       0x28 src\startup_stm32f429x.o
 .debug_aranges
                0x00000268       0x58 src\stm32f4xx_it.o
 .debug_aranges
                0x000002c0       0x30 src\system_stm32f4xx.o

.debug_ranges   0x00000000      0x240
 .debug_ranges  0x00000000       0x20 Libraries\STM32F4xx_StdPeriph_Driver\src\ADC_program.o
 .debug_ranges  0x00000020       0x38 Libraries\STM32F4xx_StdPeriph_Driver\src\GPIO_program.o
 .debug_ranges  0x00000058       0x58 Libraries\STM32F4xx_StdPeriph_Driver\src\LCD16x2.o
 .debug_ranges  0x000000b0       0x30 Libraries\STM32F4xx_StdPeriph_Driver\src\RCC_program.o
 .debug_ranges  0x000000e0       0x48 Libraries\STM32F4xx_StdPeriph_Driver\src\STICK_program.o
 .debug_ranges  0x00000128       0x60 Libraries\STM32F4xx_StdPeriph_Driver\src\TIMER_program.o
 .debug_ranges  0x00000188       0x30 src\main.o
 .debug_ranges  0x000001b8       0x20 src\startup_stm32f429x.o
 .debug_ranges  0x000001d8       0x48 src\stm32f4xx_it.o
 .debug_ranges  0x00000220       0x20 src\system_stm32f4xx.o

.debug_line     0x00000000     0x14f2
 .debug_line    0x00000000       0xf0 Libraries\STM32F4xx_StdPeriph_Driver\src\ADC_program.o
 .debug_line    0x000000f0      0x33e Libraries\STM32F4xx_StdPeriph_Driver\src\GPIO_program.o
 .debug_line    0x0000042e      0x2fa Libraries\STM32F4xx_StdPeriph_Driver\src\LCD16x2.o
 .debug_line    0x00000728      0x1e3 Libraries\STM32F4xx_StdPeriph_Driver\src\LCD16x2_cfg.o
 .debug_line    0x0000090b      0x118 Libraries\STM32F4xx_StdPeriph_Driver\src\RCC_program.o
 .debug_line    0x00000a23      0x15b Libraries\STM32F4xx_StdPeriph_Driver\src\STICK_program.o
 .debug_line    0x00000b7e      0x228 Libraries\STM32F4xx_StdPeriph_Driver\src\TIMER_program.o
 .debug_line    0x00000da6      0x2b1 src\main.o
 .debug_line    0x00001057       0x7a src\startup_stm32f429x.o
 .debug_line    0x000010d1      0x20d src\stm32f4xx_it.o
 .debug_line    0x000012de      0x214 src\system_stm32f4xx.o

.debug_str      0x00000000      0xef0
 .debug_str     0x00000000      0x239 Libraries\STM32F4xx_StdPeriph_Driver\src\ADC_program.o
                                0x260 (size before relaxing)
 .debug_str     0x00000239      0x16c Libraries\STM32F4xx_StdPeriph_Driver\src\GPIO_program.o
                                0x302 (size before relaxing)
 .debug_str     0x000003a5      0x1aa Libraries\STM32F4xx_StdPeriph_Driver\src\LCD16x2.o
                                0x37c (size before relaxing)
 .debug_str     0x0000054f       0x3a Libraries\STM32F4xx_StdPeriph_Driver\src\LCD16x2_cfg.o
                                0x2ca (size before relaxing)
 .debug_str     0x00000589      0x161 Libraries\STM32F4xx_StdPeriph_Driver\src\RCC_program.o
                                0x2fc (size before relaxing)
 .debug_str     0x000006ea      0x186 Libraries\STM32F4xx_StdPeriph_Driver\src\STICK_program.o
                                0x31c (size before relaxing)
 .debug_str     0x00000870      0x277 Libraries\STM32F4xx_StdPeriph_Driver\src\TIMER_program.o
                                0x418 (size before relaxing)
 .debug_str     0x00000ae7      0x1aa src\main.o
                                0x409 (size before relaxing)
 .debug_str     0x00000c91       0x96 src\stm32f4xx_it.o
                                0x278 (size before relaxing)
 .debug_str     0x00000d27      0x1c9 src\system_stm32f4xx.o
                                0x42e (size before relaxing)

.comment        0x00000000       0x7c
 .comment       0x00000000       0x7c Libraries\STM32F4xx_StdPeriph_Driver\src\ADC_program.o
                                 0x7d (size before relaxing)
 .comment       0x0000007c       0x7d Libraries\STM32F4xx_StdPeriph_Driver\src\GPIO_program.o
 .comment       0x0000007c       0x7d Libraries\STM32F4xx_StdPeriph_Driver\src\LCD16x2.o
 .comment       0x0000007c       0x7d Libraries\STM32F4xx_StdPeriph_Driver\src\LCD16x2_cfg.o
 .comment       0x0000007c       0x7d Libraries\STM32F4xx_StdPeriph_Driver\src\RCC_program.o
 .comment       0x0000007c       0x7d Libraries\STM32F4xx_StdPeriph_Driver\src\STICK_program.o
 .comment       0x0000007c       0x7d Libraries\STM32F4xx_StdPeriph_Driver\src\TIMER_program.o
 .comment       0x0000007c       0x7d src\main.o
 .comment       0x0000007c       0x7d src\stm32f4xx_it.o
 .comment       0x0000007c       0x7d src\system_stm32f4xx.o

.debug_frame    0x00000000      0x958
 .debug_frame   0x00000000       0x78 Libraries\STM32F4xx_StdPeriph_Driver\src\ADC_program.o
 .debug_frame   0x00000078      0x104 Libraries\STM32F4xx_StdPeriph_Driver\src\GPIO_program.o
 .debug_frame   0x0000017c      0x158 Libraries\STM32F4xx_StdPeriph_Driver\src\LCD16x2.o
 .debug_frame   0x000002d4       0xd0 Libraries\STM32F4xx_StdPeriph_Driver\src\RCC_program.o
 .debug_frame   0x000003a4      0x13c Libraries\STM32F4xx_StdPeriph_Driver\src\STICK_program.o
 .debug_frame   0x000004e0      0x194 Libraries\STM32F4xx_StdPeriph_Driver\src\TIMER_program.o
 .debug_frame   0x00000674       0xcc src\main.o
 .debug_frame   0x00000740       0xf0 src\stm32f4xx_it.o
 .debug_frame   0x00000830       0x7c src\system_stm32f4xx.o
 .debug_frame   0x000008ac       0x2c c:/program files/atollic/truestudio for stm32 9.3.0/armtools/bin/../lib/gcc/arm-atollic-eabi/6.3.1/../../../../arm-atollic-eabi/lib/armv7e-m/fpu\libc_nano.a(lib_a-init.o)
 .debug_frame   0x000008d8       0x38 c:/program files/atollic/truestudio for stm32 9.3.0/armtools/bin/../lib/gcc/arm-atollic-eabi/6.3.1/../../../../arm-atollic-eabi/lib/armv7e-m/fpu\libc_nano.a(lib_a-itoa.o)
 .debug_frame   0x00000910       0x48 c:/program files/atollic/truestudio for stm32 9.3.0/armtools/bin/../lib/gcc/arm-atollic-eabi/6.3.1/../../../../arm-atollic-eabi/lib/armv7e-m/fpu\libc_nano.a(lib_a-utoa.o)

Cross Reference Table

Symbol                                            File
ADC1_u16Read                                      Libraries\STM32F4xx_StdPeriph_Driver\src\ADC_program.o
                                                  src\main.o
ADC1_void                                         Libraries\STM32F4xx_StdPeriph_Driver\src\ADC_program.o
                                                  src\main.o
ADC1_voidInitCountious                            Libraries\STM32F4xx_StdPeriph_Driver\src\ADC_program.o
                                                  src\main.o
ADC_IRQHandler                                    src\startup_stm32f429x.o
AHBPrescTable                                     src\system_stm32f4xx.o
BusFault_Handler                                  src\stm32f4xx_it.o
                                                  src\startup_stm32f429x.o
CAN1_RX0_IRQHandler                               src\startup_stm32f429x.o
CAN1_RX1_IRQHandler                               src\startup_stm32f429x.o
CAN1_SCE_IRQHandler                               src\startup_stm32f429x.o
CAN1_TX_IRQHandler                                src\startup_stm32f429x.o
CAN2_RX0_IRQHandler                               src\startup_stm32f429x.o
CAN2_RX1_IRQHandler                               src\startup_stm32f429x.o
CAN2_SCE_IRQHandler                               src\startup_stm32f429x.o
CAN2_TX_IRQHandler                                src\startup_stm32f429x.o
CRYP_IRQHandler                                   src\startup_stm32f429x.o
Comper_HOLD_Read_sensor                           src\main.o
DCMI_IRQHandler                                   src\startup_stm32f429x.o
DMA1_Stream0_IRQHandler                           src\startup_stm32f429x.o
DMA1_Stream1_IRQHandler                           src\startup_stm32f429x.o
DMA1_Stream2_IRQHandler                           src\startup_stm32f429x.o
DMA1_Stream3_IRQHandler                           src\startup_stm32f429x.o
DMA1_Stream4_IRQHandler                           src\startup_stm32f429x.o
DMA1_Stream5_IRQHandler                           src\startup_stm32f429x.o
DMA1_Stream6_IRQHandler                           src\startup_stm32f429x.o
DMA1_Stream7_IRQHandler                           src\startup_stm32f429x.o
DMA2D_IRQHandler                                  src\startup_stm32f429x.o
DMA2_Stream0_IRQHandler                           src\startup_stm32f429x.o
DMA2_Stream1_IRQHandler                           src\startup_stm32f429x.o
DMA2_Stream2_IRQHandler                           src\startup_stm32f429x.o
DMA2_Stream3_IRQHandler                           src\startup_stm32f429x.o
DMA2_Stream4_IRQHandler                           src\startup_stm32f429x.o
DMA2_Stream5_IRQHandler                           src\startup_stm32f429x.o
DMA2_Stream6_IRQHandler                           src\startup_stm32f429x.o
DMA2_Stream7_IRQHandler                           src\startup_stm32f429x.o
DebugMon_Handler                                  src\stm32f4xx_it.o
                                                  src\startup_stm32f429x.o
Default_Handler                                   src\startup_stm32f429x.o
ETH_IRQHandler                                    src\startup_stm32f429x.o
ETH_WKUP_IRQHandler                               src\startup_stm32f429x.o
EXTI0_IRQHandler                                  src\startup_stm32f429x.o
EXTI15_10_IRQHandler                              src\startup_stm32f429x.o
EXTI1_IRQHandler                                  src\startup_stm32f429x.o
EXTI2_IRQHandler                                  src\startup_stm32f429x.o
EXTI3_IRQHandler                                  src\startup_stm32f429x.o
EXTI4_IRQHandler                                  src\startup_stm32f429x.o
EXTI9_5_IRQHandler                                src\startup_stm32f429x.o
FLASH_IRQHandler                                  src\startup_stm32f429x.o
FMC_IRQHandler                                    src\startup_stm32f429x.o
FPU_IRQHandler                                    src\startup_stm32f429x.o
HASH_RNG_IRQHandler                               src\startup_stm32f429x.o
HardFault_Handler                                 src\stm32f4xx_it.o
                                                  src\startup_stm32f429x.o
I2C1_ER_IRQHandler                                src\startup_stm32f429x.o
I2C1_EV_IRQHandler                                src\startup_stm32f429x.o
I2C2_ER_IRQHandler                                src\startup_stm32f429x.o
I2C2_EV_IRQHandler                                src\startup_stm32f429x.o
I2C3_ER_IRQHandler                                src\startup_stm32f429x.o
I2C3_EV_IRQHandler                                src\startup_stm32f429x.o
LCD16x2_CfgParam                                  Libraries\STM32F4xx_StdPeriph_Driver\src\LCD16x2_cfg.o
                                                  Libraries\STM32F4xx_StdPeriph_Driver\src\LCD16x2.o
LCD_CMD                                           Libraries\STM32F4xx_StdPeriph_Driver\src\LCD16x2.o
LCD_Clear                                         Libraries\STM32F4xx_StdPeriph_Driver\src\LCD16x2.o
                                                  src\main.o
LCD_DATA                                          Libraries\STM32F4xx_StdPeriph_Driver\src\LCD16x2.o
LCD_Init                                          Libraries\STM32F4xx_StdPeriph_Driver\src\LCD16x2.o
                                                  src\main.o
LCD_IntToString                                   Libraries\STM32F4xx_StdPeriph_Driver\src\LCD16x2.o
                                                  src\main.o
LCD_SL                                            Libraries\STM32F4xx_StdPeriph_Driver\src\LCD16x2.o
LCD_SR                                            Libraries\STM32F4xx_StdPeriph_Driver\src\LCD16x2.o
LCD_Set_Cursor                                    Libraries\STM32F4xx_StdPeriph_Driver\src\LCD16x2.o
                                                  src\main.o
LCD_Write_Char                                    Libraries\STM32F4xx_StdPeriph_Driver\src\LCD16x2.o
LCD_Write_String                                  Libraries\STM32F4xx_StdPeriph_Driver\src\LCD16x2.o
                                                  src\main.o
LTDC_ER_IRQHandler                                src\startup_stm32f429x.o
LTDC_IRQHandler                                   src\startup_stm32f429x.o
MGPIO_u8GetPinValue                               Libraries\STM32F4xx_StdPeriph_Driver\src\GPIO_program.o
MGPIO_voidActivePullUpPullDown                    Libraries\STM32F4xx_StdPeriph_Driver\src\GPIO_program.o
                                                  src\main.o
MGPIO_voidSetAfPeripier                           Libraries\STM32F4xx_StdPeriph_Driver\src\GPIO_program.o
                                                  src\main.o
MGPIO_voidSetPinDrictionMode                      Libraries\STM32F4xx_StdPeriph_Driver\src\GPIO_program.o
                                                  src\main.o
MGPIO_voidSetPinDrictionOutAf                     Libraries\STM32F4xx_StdPeriph_Driver\src\GPIO_program.o
                                                  src\main.o
MGPIO_voidSetPinValue                             Libraries\STM32F4xx_StdPeriph_Driver\src\GPIO_program.o
                                                  Libraries\STM32F4xx_StdPeriph_Driver\src\TIMER_program.o
                                                  Libraries\STM32F4xx_StdPeriph_Driver\src\LCD16x2.o
MSTICK_u32GetElapsedTime                          Libraries\STM32F4xx_StdPeriph_Driver\src\STICK_program.o
MSTICK_u32GetRemainingTime                        Libraries\STM32F4xx_StdPeriph_Driver\src\STICK_program.o
MSTICK_voidInit                                   Libraries\STM32F4xx_StdPeriph_Driver\src\STICK_program.o
                                                  src\main.o
MSTICK_voidSetBusyWait                            Libraries\STM32F4xx_StdPeriph_Driver\src\STICK_program.o
                                                  Libraries\STM32F4xx_StdPeriph_Driver\src\LCD16x2.o
MSTICK_voidSetIntervalPeriodic                    Libraries\STM32F4xx_StdPeriph_Driver\src\STICK_program.o
MSTICK_voidSetIntervalSingle                      Libraries\STM32F4xx_StdPeriph_Driver\src\STICK_program.o
MSTICK_voidStopTimer                              Libraries\STM32F4xx_StdPeriph_Driver\src\STICK_program.o
MTimer_voidPMWGENERATIONT1                        Libraries\STM32F4xx_StdPeriph_Driver\src\TIMER_program.o
MTimer_voidPMWGENERATIONT4                        Libraries\STM32F4xx_StdPeriph_Driver\src\TIMER_program.o
MTimer_voidPMWGENERATIONT8                        Libraries\STM32F4xx_StdPeriph_Driver\src\TIMER_program.o
                                                  src\main.o
MTimer_voidPMWGENERATIONT9                        Libraries\STM32F4xx_StdPeriph_Driver\src\TIMER_program.o
MTimer_voidinitMeagerPMWT1                        Libraries\STM32F4xx_StdPeriph_Driver\src\TIMER_program.o
                                                  src\main.o
MTimer_voidinitPMWT1                              Libraries\STM32F4xx_StdPeriph_Driver\src\TIMER_program.o
MTimer_voidinitPMWT4                              Libraries\STM32F4xx_StdPeriph_Driver\src\TIMER_program.o
MTimer_voidinitPMWT8                              Libraries\STM32F4xx_StdPeriph_Driver\src\TIMER_program.o
                                                  src\main.o
MTimer_voidinitPMWT9                              Libraries\STM32F4xx_StdPeriph_Driver\src\TIMER_program.o
MUSART1_Receive1                                  Libraries\STM32F4xx_StdPeriph_Driver\src\USART_program.o
MUSART1_Transmitdata                              Libraries\STM32F4xx_StdPeriph_Driver\src\USART_program.o
MUSART1_u8Receive                                 Libraries\STM32F4xx_StdPeriph_Driver\src\USART_program.o
MUSART1_voidInit                                  Libraries\STM32F4xx_StdPeriph_Driver\src\USART_program.o
MUSART1_voidTransmit                              Libraries\STM32F4xx_StdPeriph_Driver\src\USART_program.o
Map_Current_Truset                                src\main.o
Map_Vlotage_Current                               src\main.o
MemManage_Handler                                 src\stm32f4xx_it.o
                                                  src\startup_stm32f429x.o
NMI_Handler                                       src\stm32f4xx_it.o
                                                  src\startup_stm32f429x.o
OTG_FS_IRQHandler                                 src\startup_stm32f429x.o
OTG_FS_WKUP_IRQHandler                            src\startup_stm32f429x.o
OTG_HS_EP1_IN_IRQHandler                          src\startup_stm32f429x.o
OTG_HS_EP1_OUT_IRQHandler                         src\startup_stm32f429x.o
OTG_HS_IRQHandler                                 src\startup_stm32f429x.o
OTG_HS_WKUP_IRQHandler                            src\startup_stm32f429x.o
PVD_IRQHandler                                    src\startup_stm32f429x.o
PendSV_Handler                                    src\stm32f4xx_it.o
                                                  src\startup_stm32f429x.o
RCC_IRQHandler                                    src\startup_stm32f429x.o
RCC_voidDisableClock                              Libraries\STM32F4xx_StdPeriph_Driver\src\RCC_program.o
RCC_voidEnableClock                               Libraries\STM32F4xx_StdPeriph_Driver\src\RCC_program.o
                                                  src\main.o
RCC_voidInitSysClock                              Libraries\STM32F4xx_StdPeriph_Driver\src\RCC_program.o
                                                  src\main.o
RCC_voidResetClockPer                             Libraries\STM32F4xx_StdPeriph_Driver\src\RCC_program.o
RCC_voidStutesInitSysClock                        Libraries\STM32F4xx_StdPeriph_Driver\src\RCC_program.o
RTC_Alarm_IRQHandler                              src\startup_stm32f429x.o
RTC_WKUP_IRQHandler                               src\startup_stm32f429x.o
Read_SENSOR                                       src\main.o
Reset_Handler                                     src\startup_stm32f429x.o
SAI1_IRQHandler                                   src\startup_stm32f429x.o
SDIO_IRQHandler                                   src\startup_stm32f429x.o
SPI1_IRQHandler                                   src\startup_stm32f429x.o
SPI2_IRQHandler                                   src\startup_stm32f429x.o
SPI3_IRQHandler                                   src\startup_stm32f429x.o
SPI4_IRQHandler                                   src\startup_stm32f429x.o
SPI5_IRQHandler                                   src\startup_stm32f429x.o
SPI6_IRQHandler                                   src\startup_stm32f429x.o
STICK_CallBack                                    Libraries\STM32F4xx_StdPeriph_Driver\src\STICK_program.o
SVC_Handler                                       src\stm32f4xx_it.o
                                                  src\startup_stm32f429x.o
SysTick_Handler                                   Libraries\STM32F4xx_StdPeriph_Driver\src\STICK_program.o
SystemCoreClock                                   src\system_stm32f4xx.o
SystemCoreClockUpdate                             src\system_stm32f4xx.o
SystemInit                                        src\system_stm32f4xx.o
                                                  src\startup_stm32f429x.o
TAMP_STAMP_IRQHandler                             src\startup_stm32f429x.o
TIM1_BRK_TIM9_IRQHandler                          src\startup_stm32f429x.o
TIM1_CC_IRQHandler                                Libraries\STM32F4xx_StdPeriph_Driver\src\TIMER_program.o
TIM1_TRG_COM_TIM11_IRQHandler                     src\startup_stm32f429x.o
TIM1_UP_TIM10_IRQHandler                          src\startup_stm32f429x.o
TIM2_IRQHandler                                   src\startup_stm32f429x.o
TIM3_IRQHandler                                   src\startup_stm32f429x.o
TIM4_IRQHandler                                   src\startup_stm32f429x.o
TIM5_IRQHandler                                   src\startup_stm32f429x.o
TIM6_DAC_IRQHandler                               src\startup_stm32f429x.o
TIM7_IRQHandler                                   src\startup_stm32f429x.o
TIM8_BRK_TIM12_IRQHandler                         src\startup_stm32f429x.o
TIM8_CC_IRQHandler                                src\startup_stm32f429x.o
TIM8_TRG_COM_TIM14_IRQHandler                     src\startup_stm32f429x.o
TIM8_UP_TIM13_IRQHandler                          src\startup_stm32f429x.o
T_on                                              src\main.o
                                                  Libraries\STM32F4xx_StdPeriph_Driver\src\TIMER_program.o
Timer                                             src\main.o
                                                  Libraries\STM32F4xx_StdPeriph_Driver\src\TIMER_program.o
UART4_IRQHandler                                  src\startup_stm32f429x.o
UART5_IRQHandler                                  src\startup_stm32f429x.o
UART7_IRQHandler                                  src\startup_stm32f429x.o
UART8_IRQHandler                                  src\startup_stm32f429x.o
USART1_IRQHandler                                 src\startup_stm32f429x.o
USART2_IRQHandler                                 src\startup_stm32f429x.o
USART3_IRQHandler                                 src\startup_stm32f429x.o
USART6_IRQHandler                                 src\startup_stm32f429x.o
Updata_Digital_ValueAvrage                        src\main.o
UsageFault_Handler                                src\stm32f4xx_it.o
                                                  src\startup_stm32f429x.o
WWDG_IRQHandler                                   src\startup_stm32f429x.o
__deregister_frame_info                           c:/program files/atollic/truestudio for stm32 9.3.0/armtools/bin/../lib/gcc/arm-atollic-eabi/6.3.1/armv7e-m/fpu/crtbegin.o
__dso_handle                                      c:/program files/atollic/truestudio for stm32 9.3.0/armtools/bin/../lib/gcc/arm-atollic-eabi/6.3.1/armv7e-m/fpu/crtbegin.o
__init_array_end                                  c:/program files/atollic/truestudio for stm32 9.3.0/armtools/bin/../lib/gcc/arm-atollic-eabi/6.3.1/../../../../arm-atollic-eabi/lib/armv7e-m/fpu\libc_nano.a(lib_a-init.o)
__init_array_start                                c:/program files/atollic/truestudio for stm32 9.3.0/armtools/bin/../lib/gcc/arm-atollic-eabi/6.3.1/../../../../arm-atollic-eabi/lib/armv7e-m/fpu\libc_nano.a(lib_a-init.o)
__itoa                                            c:/program files/atollic/truestudio for stm32 9.3.0/armtools/bin/../lib/gcc/arm-atollic-eabi/6.3.1/../../../../arm-atollic-eabi/lib/armv7e-m/fpu\libc_nano.a(lib_a-itoa.o)
__libc_init_array                                 c:/program files/atollic/truestudio for stm32 9.3.0/armtools/bin/../lib/gcc/arm-atollic-eabi/6.3.1/../../../../arm-atollic-eabi/lib/armv7e-m/fpu\libc_nano.a(lib_a-init.o)
                                                  src\startup_stm32f429x.o
__preinit_array_end                               c:/program files/atollic/truestudio for stm32 9.3.0/armtools/bin/../lib/gcc/arm-atollic-eabi/6.3.1/../../../../arm-atollic-eabi/lib/armv7e-m/fpu\libc_nano.a(lib_a-init.o)
__preinit_array_start                             c:/program files/atollic/truestudio for stm32 9.3.0/armtools/bin/../lib/gcc/arm-atollic-eabi/6.3.1/../../../../arm-atollic-eabi/lib/armv7e-m/fpu\libc_nano.a(lib_a-init.o)
__register_frame_info                             c:/program files/atollic/truestudio for stm32 9.3.0/armtools/bin/../lib/gcc/arm-atollic-eabi/6.3.1/armv7e-m/fpu/crtbegin.o
__utoa                                            c:/program files/atollic/truestudio for stm32 9.3.0/armtools/bin/../lib/gcc/arm-atollic-eabi/6.3.1/../../../../arm-atollic-eabi/lib/armv7e-m/fpu\libc_nano.a(lib_a-utoa.o)
                                                  c:/program files/atollic/truestudio for stm32 9.3.0/armtools/bin/../lib/gcc/arm-atollic-eabi/6.3.1/../../../../arm-atollic-eabi/lib/armv7e-m/fpu\libc_nano.a(lib_a-itoa.o)
_ebss                                             src\startup_stm32f429x.o
_edata                                            src\startup_stm32f429x.o
_estack                                           src\startup_stm32f429x.o
_fini                                             c:/program files/atollic/truestudio for stm32 9.3.0/armtools/bin/../lib/gcc/arm-atollic-eabi/6.3.1/armv7e-m/fpu/crti.o
_init                                             c:/program files/atollic/truestudio for stm32 9.3.0/armtools/bin/../lib/gcc/arm-atollic-eabi/6.3.1/armv7e-m/fpu/crti.o
                                                  c:/program files/atollic/truestudio for stm32 9.3.0/armtools/bin/../lib/gcc/arm-atollic-eabi/6.3.1/../../../../arm-atollic-eabi/lib/armv7e-m/fpu\libc_nano.a(lib_a-init.o)
_sbss                                             src\startup_stm32f429x.o
_sdata                                            src\startup_stm32f429x.o
_sidata                                           src\startup_stm32f429x.o
comper_string                                     Libraries\STM32F4xx_StdPeriph_Driver\src\USART_program.o
g_pfnVectors                                      src\startup_stm32f429x.o
itoa                                              c:/program files/atollic/truestudio for stm32 9.3.0/armtools/bin/../lib/gcc/arm-atollic-eabi/6.3.1/../../../../arm-atollic-eabi/lib/armv7e-m/fpu\libc_nano.a(lib_a-itoa.o)
                                                  Libraries\STM32F4xx_StdPeriph_Driver\src\LCD16x2.o
main                                              src\main.o
                                                  src\startup_stm32f429x.o
sensore_Digital_ValueAvrage                       src\main.o
updata_value                                      Libraries\STM32F4xx_StdPeriph_Driver\src\TIMER_program.o
                                                  src\main.o
utoa                                              c:/program files/atollic/truestudio for stm32 9.3.0/armtools/bin/../lib/gcc/arm-atollic-eabi/6.3.1/../../../../arm-atollic-eabi/lib/armv7e-m/fpu\libc_nano.a(lib_a-utoa.o)
